Parse error at 2:8-12:
  Tuple only contains 1 values, but it must contain at least 2 values

Parse error at 3:8-12:
  Tuple only contains 1 values, but it must contain at least 2 values
