Parse error at 2:18-34:
  Tuple only contains 1 values, but it must contain at least 2 values

Parse error at 2:37-48:
  Tuple only contains 1 values, but it must contain at least 2 values
