(AST
  (Decl@1:1-3:1 type=test name=Decl
    (Dict@1:11-3:1
      (DictEntry key=list
        (List@2:9-14
          (Integer@2:11 value=1)
        )
      )
    )
  )
)
